
> roastly-cafe@1.0.0 build
> vite build

[36mvite v6.4.1 [32mbuilding for production...[36m[39m
transforming...
[32mΓ£ô[39m 2091 modules transformed.
rendering chunks...
computing gzip size...
[2mdist/[22m[32mindex.html                 [39m[1m[2m  0.53 kB[22m[1m[22m[2m Γöé gzip:   0.33 kB[22m
[2mdist/[22m[35massets/index-CjsE16gS.css  [39m[1m[2m 40.57 kB[22m[1m[22m[2m Γöé gzip:   7.99 kB[22m
[2mdist/[22m[36massets/index-BXdPklRn.js   [39m[1m[2m388.58 kB[22m[1m[22m[2m Γöé gzip: 120.46 kB[22m
[32mΓ£ô built in 2.40s[39m
